---
source: orphos-cli/tests/golden_outputs.rs
expression: normalized
---
Prokaryotic gene finding algorithm

Usage: orphos [OPTIONS]

Options:
  -i, --input <FILE>               Input FASTA file (default: stdin)
  -o, --output <FILE>              Output file (default: stdout)
  -f, --format <FORMAT>            Output format: gbk, gff, sco, gca [default: gbk]
  -p, --mode <MODE>                Analysis mode: single or meta [default: single]
  -c, --closed <closed>            Closed ends (no genes off edges)
  -m, --mask <mask>                Mask runs of N's
  -q, --quiet <quiet>              Quiet mode
  -t, --training <FILE>            Training file
  -g, --translation-table <TABLE>  Translation table (1-25)
  -h, --help                       Print help
  -V, --version                    Print version
